// Jest Snapshot v1, https://goo.gl/fbAQLP

exports[`renders learn react link 1`] = `
<div>
  <h1>
    Media
  </h1>
  <nav
    class="makeStyles-root-1"
  >
    <a
      class="MuiTypography-root MuiLink-root MuiLink-underlineHover MuiTypography-colorPrimary"
      href="/"
    >
      Home
    </a>
    <a
      class="MuiTypography-root MuiLink-root MuiLink-underlineHover MuiTypography-colorPrimary"
      href="/monitor"
    >
      Monitors
    </a>
    <a
      class="MuiTypography-root MuiLink-root MuiLink-underlineHover MuiTypography-colorPrimary"
      href="http://novell.mause.me:9091"
      rel="noopener noreferrer"
      target="_blank"
    >
      Transmission
    </a>
    <a
      class="MuiTypography-root MuiLink-root MuiLink-underlineHover MuiTypography-colorPrimary"
      href="https://app.plex.tv"
      rel="noopener noreferrer"
      target="_blank"
    >
      Plex
    </a>
    <a
      class="MuiTypography-root MuiLink-root MuiLink-underlineHover MuiTypography-colorPrimary"
      href="/user/sign-out"
    >
      Logout
    </a>
  </nav>
  <br />
  <div>
    <form>
      <input
        name="query"
      />
       
      <input
        type="submit"
        value="Search"
      />
    </form>
    <div
      class="colA"
    >
      <h2>
        Movies 
        <i
          class="fas fa-spinner fa-spin fa-xs"
        />
      </h2>
      <ul />
    </div>
    <div>
      <div
        class="colB"
      >
        <h2>
          TV Shows 
          <i
            class="fas fa-spinner fa-spin fa-xs"
          />
        </h2>
      </div>
    </div>
  </div>
</div>
`;
