// Jest Snapshot v1, https://goo.gl/fbAQLP

exports[`DownloadComponent success 1`] = `
<div>
  <div
    style="fill: #000000; height: 64px; width: 64px;"
  >
    <svg
      class="icon-loading"
      viewBox="0 0 32 32"
      xmlns="http://www.w3.org/2000/svg"
    >
      
  
      <path
        d="M4 12 A4 4 0 0 0 4 20 A4 4 0 0 0 4 12"
        transform="translate(-8 0)"
      >
         
    
        <animatetransform
          attributeName="transform"
          begin="0"
          calcMode="spline"
          dur="0.8s"
          keySplines="0.2 0.2 0.4 0.8;0.2 0.6 0.4 0.8"
          keyTimes="0;.25;1"
          repeatCount="indefinite"
          type="translate"
          values="-8 0; 2 0; 2 0;"
        />
        
  
      </path>
      
  
      <path
        d="M4 12 A4 4 0 0 0 4 20 A4 4 0 0 0 4 12"
        transform="translate(2 0)"
      >
         
    
        <animatetransform
          attributeName="transform"
          begin="0"
          calcMode="spline"
          dur="0.8s"
          keySplines="0.2 0.2 0.4 0.8;0.2 0.6 0.4 0.8"
          keyTimes="0;.35;1"
          repeatCount="indefinite"
          type="translate"
          values="2 0; 12 0; 12 0;"
        />
        
  
      </path>
      
  
      <path
        d="M4 12 A4 4 0 0 0 4 20 A4 4 0 0 0 4 12"
        transform="translate(12 0)"
      >
         
    
        <animatetransform
          attributeName="transform"
          begin="0"
          calcMode="spline"
          dur="0.8s"
          keySplines="0.2 0.2 0.4 0.8;0.2 0.6 0.4 0.8"
          keyTimes="0;.45;1"
          repeatCount="indefinite"
          type="translate"
          values="12 0; 22 0; 22 0;"
        />
        
  
      </path>
      
  
      <path
        d="M4 12 A4 4 0 0 0 4 20 A4 4 0 0 0 4 12"
        transform="translate(24 0)"
      >
         
    
        <animatetransform
          attributeName="transform"
          begin="0"
          calcMode="spline"
          dur="0.8s"
          keySplines="0.2 0.2 0.4 0.8;0.2 0.6 0.4 0.8"
          keyTimes="0;.55;1"
          repeatCount="indefinite"
          type="translate"
          values="22 0; 32 0; 32 0;"
        />
        
  
      </path>
      

    </svg>
    

  </div>
</div>
`;

exports[`DownloadComponent success 2`] = `<div />`;
