// Jest Snapshot v1, https://goo.gl/fbAQLP

exports[`MonitorComponent view 1`] = `
<div>
  <div>
    <h3>
      Monitored movies
    </h3>
    <ul>
      <li>
        <i
          class="fa fa-ticket-alt"
        />
         
        Hello World
         
        <i
          class="react-contextmenu-wrapper fas fa-list"
          style="cursor: pointer;"
        />
        <nav
          class="react-contextmenu"
          role="menu"
          style="position: fixed; opacity: 0; pointer-events: none;"
          tabindex="-1"
        >
          <div
            aria-disabled="false"
            class="react-contextmenu-item"
            role="menuitem"
            tabindex="-1"
          >
            Search
          </div>
          <div
            aria-disabled="false"
            class="react-contextmenu-item"
            role="menuitem"
            tabindex="-1"
          >
            Delete
          </div>
        </nav>
      </li>
    </ul>
  </div>
</div>
`;
