// Jest Snapshot v1, https://goo.gl/fbAQLP

exports[`SearchComponent 1`] = `
<div>
  <div>
    <form>
      <input
        name="query"
      />
       
      <input
        type="submit"
        value="Search"
      />
    </form>
    <ul>
      <li>
        <a
          class="MuiTypography-root MuiTypography-inherit MuiLink-root MuiLink-underlineHover css-11iau0r-MuiTypography-root-MuiLink-root"
          href="/select/10000/options"
        >
          Hello
           (
          2019
          )
        </a>
      </li>
    </ul>
  </div>
</div>
`;
