// Vitest Snapshot v1, https://vitest.dev/guide/snapshot.html

exports[`Storybook > renders without crashing 1`] = `
<div
  aria-hidden="true"
>
  <div
    class="MuiTabs-root css-jhczcq-MuiTabs-root"
  >
    <div
      class="MuiTabs-scroller MuiTabs-fixed css-s2t35c-MuiTabs-scroller"
      style="overflow: hidden; margin-bottom: 0px;"
    >
      <div
        class="MuiTabs-list MuiTabs-flexContainer css-hzcega-MuiTabs-list"
        role="tablist"
      >
        <button
          aria-selected="false"
          class="MuiButtonBase-root MuiTab-root MuiTab-textColorPrimary css-1usuzwp-MuiButtonBase-root-MuiTab-root"
          role="tab"
          tabindex="-1"
          type="button"
        >
          Discover
        </button>
        <button
          aria-selected="true"
          class="MuiButtonBase-root MuiTab-root MuiTab-textColorPrimary Mui-selected css-1usuzwp-MuiButtonBase-root-MuiTab-root"
          data-testid="misc"
          role="tab"
          tabindex="0"
          type="button"
        >
          Misc
          <span
            class="MuiTouchRipple-root css-r3djoj-MuiTouchRipple-root"
          >
            <span
              class="css-y4cjyz-MuiTouchRipple-ripple MuiTouchRipple-ripple MuiTouchRipple-rippleVisible"
              style="width: 2.8284271247461903px; height: 2.8284271247461903px; top: -1.4142135623730951px; left: -1.4142135623730951px;"
            >
              <span
                class="MuiTouchRipple-child MuiTouchRipple-childLeaving"
              />
            </span>
          </span>
        </button>
      </div>
      <span
        class="MuiTabs-indicator css-1qltlow-MuiTabs-indicator"
        style="left: 0px; width: 0px;"
      />
    </div>
  </div>
  <div
    aria-labelledby="simple-tab-0"
    hidden=""
    id="simple-tabpanel-0"
    role="tabpanel"
  />
  <div
    aria-labelledby="simple-tab-1"
    id="simple-tabpanel-1"
    role="tabpanel"
  >
    <div
      class="MuiBox-root css-19kzrtu"
    >
      <svg
        aria-hidden="true"
        class="svg-inline--fa fa-list "
        data-icon="list"
        data-prefix="fas"
        data-testid="context-menu-open"
        role="img"
        style="cursor: context-menu;"
        viewBox="0 0 512 512"
      >
        <path
          d="M40 48C26.7 48 16 58.7 16 72l0 48c0 13.3 10.7 24 24 24l48 0c13.3 0 24-10.7 24-24l0-48c0-13.3-10.7-24-24-24L40 48zM192 64c-17.7 0-32 14.3-32 32s14.3 32 32 32l288 0c17.7 0 32-14.3 32-32s-14.3-32-32-32L192 64zm0 160c-17.7 0-32 14.3-32 32s14.3 32 32 32l288 0c17.7 0 32-14.3 32-32s-14.3-32-32-32l-288 0zm0 160c-17.7 0-32 14.3-32 32s14.3 32 32 32l288 0c17.7 0 32-14.3 32-32s-14.3-32-32-32l-288 0zM16 232l0 48c0 13.3 10.7 24 24 24l48 0c13.3 0 24-10.7 24-24l0-48c0-13.3-10.7-24-24-24l-48 0c-13.3 0-24 10.7-24 24zM40 368c-13.3 0-24 10.7-24 24l0 48c0 13.3 10.7 24 24 24l48 0c13.3 0 24-10.7 24-24l0-48c0-13.3-10.7-24-24-24l-48 0z"
          fill="currentColor"
        />
      </svg>
      <hr />
      <li>
        Storybook
        : 
        <ul>
          <li>
            <svg
              aria-hidden="true"
              class="svg-inline--fa fa-circle green"
              data-icon="circle"
              data-prefix="fas"
              role="img"
              viewBox="0 0 512 512"
            >
              <path
                d="M0 256a256 256 0 1 1 512 0 256 256 0 1 1 -512 0z"
                fill="currentColor"
              />
            </svg>
            <pre>
              <code>
                {
  "component_type": "datastore",
  "time": "2022-01-01T10:10:00",
  "output": {
    "hello": "world"
  }
}
              </code>
            </pre>
          </li>
        </ul>
      </li>
      <hr />
      <span
        aria-valuemax="100"
        aria-valuemin="0"
        aria-valuenow="50"
        class="MuiLinearProgress-root MuiLinearProgress-colorPrimary MuiLinearProgress-determinate css-1txyin7-MuiLinearProgress-root"
        role="progressbar"
        title="50% (an hour remaining)"
      >
        <span
          class="MuiLinearProgress-bar MuiLinearProgress-bar1 MuiLinearProgress-barColorPrimary MuiLinearProgress-bar1Determinate css-l16vtb-MuiLinearProgress-bar1"
          style="transform: translateX(-50%);"
        />
      </span>
    </div>
  </div>
</div>
`;
