// Vitest Snapshot v1, https://vitest.dev/guide/snapshot.html

exports[`Storybook > renders without crashing 1`] = `
<div
  aria-hidden="true"
>
  <svg
    aria-hidden="true"
    class="svg-inline--fa fa-list "
    data-icon="list"
    data-prefix="fas"
    data-testid="context-menu-open"
    focusable="false"
    role="img"
    style="cursor: context-menu;"
    viewBox="0 0 512 512"
    xmlns="http://www.w3.org/2000/svg"
  >
    <path
      d="M40 48C26.7 48 16 58.7 16 72l0 48c0 13.3 10.7 24 24 24l48 0c13.3 0 24-10.7 24-24l0-48c0-13.3-10.7-24-24-24L40 48zM192 64c-17.7 0-32 14.3-32 32s14.3 32 32 32l288 0c17.7 0 32-14.3 32-32s-14.3-32-32-32L192 64zm0 160c-17.7 0-32 14.3-32 32s14.3 32 32 32l288 0c17.7 0 32-14.3 32-32s-14.3-32-32-32l-288 0zm0 160c-17.7 0-32 14.3-32 32s14.3 32 32 32l288 0c17.7 0 32-14.3 32-32s-14.3-32-32-32l-288 0zM16 232l0 48c0 13.3 10.7 24 24 24l48 0c13.3 0 24-10.7 24-24l0-48c0-13.3-10.7-24-24-24l-48 0c-13.3 0-24 10.7-24 24zM40 368c-13.3 0-24 10.7-24 24l0 48c0 13.3 10.7 24 24 24l48 0c13.3 0 24-10.7 24-24l0-48c0-13.3-10.7-24-24-24l-48 0z"
      fill="currentColor"
    />
  </svg>
  <hr />
  <li>
    Storybook
    : 
    <ul>
      <li>
        <svg
          aria-hidden="true"
          class="svg-inline--fa fa-circle green"
          data-icon="circle"
          data-prefix="fas"
          focusable="false"
          role="img"
          viewBox="0 0 512 512"
          xmlns="http://www.w3.org/2000/svg"
        >
          <path
            d="M256 512A256 256 0 1 0 256 0a256 256 0 1 0 0 512z"
            fill="currentColor"
          />
        </svg>
        <pre>
          <code>
            {
  "component_type": "datastore",
  "time": "2022-01-01T10:10:00",
  "output": {
    "hello": "world"
  }
}
          </code>
        </pre>
      </li>
    </ul>
  </li>
  <hr />
  <span
    aria-valuemax="100"
    aria-valuemin="0"
    aria-valuenow="50"
    class="MuiLinearProgress-root MuiLinearProgress-colorPrimary MuiLinearProgress-determinate css-1txyin7-MuiLinearProgress-root"
    role="progressbar"
    title="50% (an hour remaining)"
  >
    <span
      class="MuiLinearProgress-bar MuiLinearProgress-bar1 MuiLinearProgress-barColorPrimary MuiLinearProgress-bar1Determinate css-l16vtb-MuiLinearProgress-bar1"
      style="transform: translateX(-50%);"
    />
  </span>
  <hr />
  <h3>
    Discovery
  </h3>
  <div
    class="MuiGrid-root MuiGrid-container MuiGrid-direction-xs-row MuiGrid-spacing-xs-2 css-zjhuaj-MuiGrid-root"
  >
    <div
      class="MuiGrid-root MuiGrid-direction-xs-row MuiGrid-grid-xs-12 MuiGrid-grid-sm-6 MuiGrid-grid-lg-2 css-rv49wc-MuiGrid-root"
    >
      <h4>
        Hello World - 0
         (
        2022
        )
         
        <a
          class="MuiTypography-root MuiTypography-inherit MuiLink-root MuiLink-underlineHover css-73o1y3-MuiTypography-root-MuiLink-root"
          data-discover="true"
          href="/select/0/options"
        >
          <svg
            aria-hidden="true"
            class="svg-inline--fa fa-magnifying-glass "
            data-icon="magnifying-glass"
            data-prefix="fas"
            focusable="false"
            role="img"
            viewBox="0 0 512 512"
            xmlns="http://www.w3.org/2000/svg"
          >
            <path
              d="M416 208c0 45.9-14.9 88.3-40 122.7L502.6 457.4c12.5 12.5 12.5 32.8 0 45.3s-32.8 12.5-45.3 0L330.7 376c-34.4 25.2-76.8 40-122.7 40C93.1 416 0 322.9 0 208S93.1 0 208 0S416 93.1 416 208zM208 352a144 144 0 1 0 0-288 144 144 0 1 0 0 288z"
              fill="currentColor"
            />
          </svg>
        </a>
      </h4>
      <img
        class="Poster-root css-tj577z"
        src="https://placecats.com/400/600"
        srcset="https://placecats.com/800/1200 800w"
      />
      <p>
        Corrupti virga synagoga patruus armarium armarium adsum usitas paulatim suggero.
      </p>
    </div>
    <div
      class="MuiGrid-root MuiGrid-direction-xs-row MuiGrid-grid-xs-12 MuiGrid-grid-sm-6 MuiGrid-grid-lg-2 css-rv49wc-MuiGrid-root"
    >
      <h4>
        Hello World - 1
         (
        2022
        )
         
        <a
          class="MuiTypography-root MuiTypography-inherit MuiLink-root MuiLink-underlineHover css-73o1y3-MuiTypography-root-MuiLink-root"
          data-discover="true"
          href="/select/1/options"
        >
          <svg
            aria-hidden="true"
            class="svg-inline--fa fa-magnifying-glass "
            data-icon="magnifying-glass"
            data-prefix="fas"
            focusable="false"
            role="img"
            viewBox="0 0 512 512"
            xmlns="http://www.w3.org/2000/svg"
          >
            <path
              d="M416 208c0 45.9-14.9 88.3-40 122.7L502.6 457.4c12.5 12.5 12.5 32.8 0 45.3s-32.8 12.5-45.3 0L330.7 376c-34.4 25.2-76.8 40-122.7 40C93.1 416 0 322.9 0 208S93.1 0 208 0S416 93.1 416 208zM208 352a144 144 0 1 0 0-288 144 144 0 1 0 0 288z"
              fill="currentColor"
            />
          </svg>
        </a>
      </h4>
      <img
        class="Poster-root css-tj577z"
        src="https://placecats.com/400/600"
        srcset="https://placecats.com/800/1200 800w"
      />
      <p>
        Accusator volubilis tristis benevolentia attonbitus auctus cognomen esse custodia clamo.
      </p>
    </div>
    <div
      class="MuiGrid-root MuiGrid-direction-xs-row MuiGrid-grid-xs-12 MuiGrid-grid-sm-6 MuiGrid-grid-lg-2 css-rv49wc-MuiGrid-root"
    >
      <h4>
        Hello World - 2
         (
        2022
        )
         
        <a
          class="MuiTypography-root MuiTypography-inherit MuiLink-root MuiLink-underlineHover css-73o1y3-MuiTypography-root-MuiLink-root"
          data-discover="true"
          href="/select/2/options"
        >
          <svg
            aria-hidden="true"
            class="svg-inline--fa fa-magnifying-glass "
            data-icon="magnifying-glass"
            data-prefix="fas"
            focusable="false"
            role="img"
            viewBox="0 0 512 512"
            xmlns="http://www.w3.org/2000/svg"
          >
            <path
              d="M416 208c0 45.9-14.9 88.3-40 122.7L502.6 457.4c12.5 12.5 12.5 32.8 0 45.3s-32.8 12.5-45.3 0L330.7 376c-34.4 25.2-76.8 40-122.7 40C93.1 416 0 322.9 0 208S93.1 0 208 0S416 93.1 416 208zM208 352a144 144 0 1 0 0-288 144 144 0 1 0 0 288z"
              fill="currentColor"
            />
          </svg>
        </a>
      </h4>
      <img
        class="Poster-root css-tj577z"
        src="https://placecats.com/400/600"
        srcset="https://placecats.com/800/1200 800w"
      />
      <p>
        Perspiciatis apud claro copiose defleo territo aveho doloribus omnis adipiscor.
      </p>
    </div>
    <div
      class="MuiGrid-root MuiGrid-direction-xs-row MuiGrid-grid-xs-12 MuiGrid-grid-sm-6 MuiGrid-grid-lg-2 css-rv49wc-MuiGrid-root"
    >
      <h4>
        Hello World - 3
         (
        2022
        )
         
        <a
          class="MuiTypography-root MuiTypography-inherit MuiLink-root MuiLink-underlineHover css-73o1y3-MuiTypography-root-MuiLink-root"
          data-discover="true"
          href="/select/3/options"
        >
          <svg
            aria-hidden="true"
            class="svg-inline--fa fa-magnifying-glass "
            data-icon="magnifying-glass"
            data-prefix="fas"
            focusable="false"
            role="img"
            viewBox="0 0 512 512"
            xmlns="http://www.w3.org/2000/svg"
          >
            <path
              d="M416 208c0 45.9-14.9 88.3-40 122.7L502.6 457.4c12.5 12.5 12.5 32.8 0 45.3s-32.8 12.5-45.3 0L330.7 376c-34.4 25.2-76.8 40-122.7 40C93.1 416 0 322.9 0 208S93.1 0 208 0S416 93.1 416 208zM208 352a144 144 0 1 0 0-288 144 144 0 1 0 0 288z"
              fill="currentColor"
            />
          </svg>
        </a>
      </h4>
      <img
        class="Poster-root css-tj577z"
        src="https://placecats.com/400/600"
        srcset="https://placecats.com/800/1200 800w"
      />
      <p>
        Pectus assumenda advoco vinum vociferor titulus cogo alter stella decerno.
      </p>
    </div>
    <div
      class="MuiGrid-root MuiGrid-direction-xs-row MuiGrid-grid-xs-12 MuiGrid-grid-sm-6 MuiGrid-grid-lg-2 css-rv49wc-MuiGrid-root"
    >
      <h4>
        Hello World - 4
         (
        2022
        )
         
        <a
          class="MuiTypography-root MuiTypography-inherit MuiLink-root MuiLink-underlineHover css-73o1y3-MuiTypography-root-MuiLink-root"
          data-discover="true"
          href="/select/4/options"
        >
          <svg
            aria-hidden="true"
            class="svg-inline--fa fa-magnifying-glass "
            data-icon="magnifying-glass"
            data-prefix="fas"
            focusable="false"
            role="img"
            viewBox="0 0 512 512"
            xmlns="http://www.w3.org/2000/svg"
          >
            <path
              d="M416 208c0 45.9-14.9 88.3-40 122.7L502.6 457.4c12.5 12.5 12.5 32.8 0 45.3s-32.8 12.5-45.3 0L330.7 376c-34.4 25.2-76.8 40-122.7 40C93.1 416 0 322.9 0 208S93.1 0 208 0S416 93.1 416 208zM208 352a144 144 0 1 0 0-288 144 144 0 1 0 0 288z"
              fill="currentColor"
            />
          </svg>
        </a>
      </h4>
      <img
        class="Poster-root css-tj577z"
        src="https://placecats.com/400/600"
        srcset="https://placecats.com/800/1200 800w"
      />
      <p>
        Animus deputo adeo verbera caute somniculosus color eius incidunt audacia.
      </p>
    </div>
    <div
      class="MuiGrid-root MuiGrid-direction-xs-row MuiGrid-grid-xs-12 MuiGrid-grid-sm-6 MuiGrid-grid-lg-2 css-rv49wc-MuiGrid-root"
    >
      <h4>
        Hello World - 5
         (
        2022
        )
         
        <a
          class="MuiTypography-root MuiTypography-inherit MuiLink-root MuiLink-underlineHover css-73o1y3-MuiTypography-root-MuiLink-root"
          data-discover="true"
          href="/select/5/options"
        >
          <svg
            aria-hidden="true"
            class="svg-inline--fa fa-magnifying-glass "
            data-icon="magnifying-glass"
            data-prefix="fas"
            focusable="false"
            role="img"
            viewBox="0 0 512 512"
            xmlns="http://www.w3.org/2000/svg"
          >
            <path
              d="M416 208c0 45.9-14.9 88.3-40 122.7L502.6 457.4c12.5 12.5 12.5 32.8 0 45.3s-32.8 12.5-45.3 0L330.7 376c-34.4 25.2-76.8 40-122.7 40C93.1 416 0 322.9 0 208S93.1 0 208 0S416 93.1 416 208zM208 352a144 144 0 1 0 0-288 144 144 0 1 0 0 288z"
              fill="currentColor"
            />
          </svg>
        </a>
      </h4>
      <img
        class="Poster-root css-tj577z"
        src="https://placecats.com/400/600"
        srcset="https://placecats.com/800/1200 800w"
      />
      <p>
        Volubilis terga vigor varius patrocinor verus alienus autus adipisci comparo.
      </p>
    </div>
    <div
      class="MuiGrid-root MuiGrid-direction-xs-row MuiGrid-grid-xs-12 MuiGrid-grid-sm-6 MuiGrid-grid-lg-2 css-rv49wc-MuiGrid-root"
    >
      <h4>
        Hello World - 6
         (
        2022
        )
         
        <a
          class="MuiTypography-root MuiTypography-inherit MuiLink-root MuiLink-underlineHover css-73o1y3-MuiTypography-root-MuiLink-root"
          data-discover="true"
          href="/select/6/options"
        >
          <svg
            aria-hidden="true"
            class="svg-inline--fa fa-magnifying-glass "
            data-icon="magnifying-glass"
            data-prefix="fas"
            focusable="false"
            role="img"
            viewBox="0 0 512 512"
            xmlns="http://www.w3.org/2000/svg"
          >
            <path
              d="M416 208c0 45.9-14.9 88.3-40 122.7L502.6 457.4c12.5 12.5 12.5 32.8 0 45.3s-32.8 12.5-45.3 0L330.7 376c-34.4 25.2-76.8 40-122.7 40C93.1 416 0 322.9 0 208S93.1 0 208 0S416 93.1 416 208zM208 352a144 144 0 1 0 0-288 144 144 0 1 0 0 288z"
              fill="currentColor"
            />
          </svg>
        </a>
      </h4>
      <img
        class="Poster-root css-tj577z"
        src="https://placecats.com/400/600"
        srcset="https://placecats.com/800/1200 800w"
      />
      <p>
        Creta cernuus tribuo consuasor cicuta illo aqua thorax aestas vos.
      </p>
    </div>
    <div
      class="MuiGrid-root MuiGrid-direction-xs-row MuiGrid-grid-xs-12 MuiGrid-grid-sm-6 MuiGrid-grid-lg-2 css-rv49wc-MuiGrid-root"
    >
      <h4>
        Hello World - 7
         (
        2022
        )
         
        <a
          class="MuiTypography-root MuiTypography-inherit MuiLink-root MuiLink-underlineHover css-73o1y3-MuiTypography-root-MuiLink-root"
          data-discover="true"
          href="/select/7/options"
        >
          <svg
            aria-hidden="true"
            class="svg-inline--fa fa-magnifying-glass "
            data-icon="magnifying-glass"
            data-prefix="fas"
            focusable="false"
            role="img"
            viewBox="0 0 512 512"
            xmlns="http://www.w3.org/2000/svg"
          >
            <path
              d="M416 208c0 45.9-14.9 88.3-40 122.7L502.6 457.4c12.5 12.5 12.5 32.8 0 45.3s-32.8 12.5-45.3 0L330.7 376c-34.4 25.2-76.8 40-122.7 40C93.1 416 0 322.9 0 208S93.1 0 208 0S416 93.1 416 208zM208 352a144 144 0 1 0 0-288 144 144 0 1 0 0 288z"
              fill="currentColor"
            />
          </svg>
        </a>
      </h4>
      <img
        class="Poster-root css-tj577z"
        src="https://placecats.com/400/600"
        srcset="https://placecats.com/800/1200 800w"
      />
      <p>
        Ter avarus abscido tot suffragium suspendo tepidus aer contego ancilla.
      </p>
    </div>
    <div
      class="MuiGrid-root MuiGrid-direction-xs-row MuiGrid-grid-xs-12 MuiGrid-grid-sm-6 MuiGrid-grid-lg-2 css-rv49wc-MuiGrid-root"
    >
      <h4>
        Hello World - 8
         (
        2022
        )
         
        <a
          class="MuiTypography-root MuiTypography-inherit MuiLink-root MuiLink-underlineHover css-73o1y3-MuiTypography-root-MuiLink-root"
          data-discover="true"
          href="/select/8/options"
        >
          <svg
            aria-hidden="true"
            class="svg-inline--fa fa-magnifying-glass "
            data-icon="magnifying-glass"
            data-prefix="fas"
            focusable="false"
            role="img"
            viewBox="0 0 512 512"
            xmlns="http://www.w3.org/2000/svg"
          >
            <path
              d="M416 208c0 45.9-14.9 88.3-40 122.7L502.6 457.4c12.5 12.5 12.5 32.8 0 45.3s-32.8 12.5-45.3 0L330.7 376c-34.4 25.2-76.8 40-122.7 40C93.1 416 0 322.9 0 208S93.1 0 208 0S416 93.1 416 208zM208 352a144 144 0 1 0 0-288 144 144 0 1 0 0 288z"
              fill="currentColor"
            />
          </svg>
        </a>
      </h4>
      <img
        class="Poster-root css-tj577z"
        src="https://placecats.com/400/600"
        srcset="https://placecats.com/800/1200 800w"
      />
      <p>
        Urbanus qui comptus adversus colo communis suspendo repellendus valens demens.
      </p>
    </div>
    <div
      class="MuiGrid-root MuiGrid-direction-xs-row MuiGrid-grid-xs-12 MuiGrid-grid-sm-6 MuiGrid-grid-lg-2 css-rv49wc-MuiGrid-root"
    >
      <h4>
        Hello World - 9
         (
        2022
        )
         
        <a
          class="MuiTypography-root MuiTypography-inherit MuiLink-root MuiLink-underlineHover css-73o1y3-MuiTypography-root-MuiLink-root"
          data-discover="true"
          href="/select/9/options"
        >
          <svg
            aria-hidden="true"
            class="svg-inline--fa fa-magnifying-glass "
            data-icon="magnifying-glass"
            data-prefix="fas"
            focusable="false"
            role="img"
            viewBox="0 0 512 512"
            xmlns="http://www.w3.org/2000/svg"
          >
            <path
              d="M416 208c0 45.9-14.9 88.3-40 122.7L502.6 457.4c12.5 12.5 12.5 32.8 0 45.3s-32.8 12.5-45.3 0L330.7 376c-34.4 25.2-76.8 40-122.7 40C93.1 416 0 322.9 0 208S93.1 0 208 0S416 93.1 416 208zM208 352a144 144 0 1 0 0-288 144 144 0 1 0 0 288z"
              fill="currentColor"
            />
          </svg>
        </a>
      </h4>
      <img
        class="Poster-root css-tj577z"
        src="https://placecats.com/400/600"
        srcset="https://placecats.com/800/1200 800w"
      />
      <p>
        Animadverto summisse temptatio laudantium tepidus depulso eos cursus acies amita.
      </p>
    </div>
    <div
      class="MuiGrid-root MuiGrid-direction-xs-row MuiGrid-grid-xs-12 MuiGrid-grid-sm-6 MuiGrid-grid-lg-2 css-rv49wc-MuiGrid-root"
    >
      <h4>
        Hello World - 10
         (
        2022
        )
         
        <a
          class="MuiTypography-root MuiTypography-inherit MuiLink-root MuiLink-underlineHover css-73o1y3-MuiTypography-root-MuiLink-root"
          data-discover="true"
          href="/select/10/options"
        >
          <svg
            aria-hidden="true"
            class="svg-inline--fa fa-magnifying-glass "
            data-icon="magnifying-glass"
            data-prefix="fas"
            focusable="false"
            role="img"
            viewBox="0 0 512 512"
            xmlns="http://www.w3.org/2000/svg"
          >
            <path
              d="M416 208c0 45.9-14.9 88.3-40 122.7L502.6 457.4c12.5 12.5 12.5 32.8 0 45.3s-32.8 12.5-45.3 0L330.7 376c-34.4 25.2-76.8 40-122.7 40C93.1 416 0 322.9 0 208S93.1 0 208 0S416 93.1 416 208zM208 352a144 144 0 1 0 0-288 144 144 0 1 0 0 288z"
              fill="currentColor"
            />
          </svg>
        </a>
      </h4>
      <img
        class="Poster-root css-tj577z"
        src="https://placecats.com/400/600"
        srcset="https://placecats.com/800/1200 800w"
      />
      <p>
        Addo repellat comburo dolor venustas carus cunae temeritas calco aestus.
      </p>
    </div>
    <div
      class="MuiGrid-root MuiGrid-direction-xs-row MuiGrid-grid-xs-12 MuiGrid-grid-sm-6 MuiGrid-grid-lg-2 css-rv49wc-MuiGrid-root"
    >
      <h4>
        Hello World - 11
         (
        2022
        )
         
        <a
          class="MuiTypography-root MuiTypography-inherit MuiLink-root MuiLink-underlineHover css-73o1y3-MuiTypography-root-MuiLink-root"
          data-discover="true"
          href="/select/11/options"
        >
          <svg
            aria-hidden="true"
            class="svg-inline--fa fa-magnifying-glass "
            data-icon="magnifying-glass"
            data-prefix="fas"
            focusable="false"
            role="img"
            viewBox="0 0 512 512"
            xmlns="http://www.w3.org/2000/svg"
          >
            <path
              d="M416 208c0 45.9-14.9 88.3-40 122.7L502.6 457.4c12.5 12.5 12.5 32.8 0 45.3s-32.8 12.5-45.3 0L330.7 376c-34.4 25.2-76.8 40-122.7 40C93.1 416 0 322.9 0 208S93.1 0 208 0S416 93.1 416 208zM208 352a144 144 0 1 0 0-288 144 144 0 1 0 0 288z"
              fill="currentColor"
            />
          </svg>
        </a>
      </h4>
      <img
        class="Poster-root css-tj577z"
        src="https://placecats.com/400/600"
        srcset="https://placecats.com/800/1200 800w"
      />
      <p>
        Clam arx vetus titulus recusandae ut thymbra audentia vapulus fugit.
      </p>
    </div>
  </div>
</div>
`;
