// Vitest Snapshot v1, https://vitest.dev/guide/snapshot.html

exports[`Storybook > renders without crashing 1`] = `
<div
  aria-hidden="true"
>
  <svg
    aria-hidden="true"
    class="svg-inline--fa fa-list "
    data-icon="list"
    data-prefix="fas"
    data-testid="context-menu-open"
    focusable="false"
    role="img"
    style="cursor: context-menu;"
    viewBox="0 0 512 512"
    xmlns="http://www.w3.org/2000/svg"
  >
    <path
      d="M40 48C26.7 48 16 58.7 16 72l0 48c0 13.3 10.7 24 24 24l48 0c13.3 0 24-10.7 24-24l0-48c0-13.3-10.7-24-24-24L40 48zM192 64c-17.7 0-32 14.3-32 32s14.3 32 32 32l288 0c17.7 0 32-14.3 32-32s-14.3-32-32-32L192 64zm0 160c-17.7 0-32 14.3-32 32s14.3 32 32 32l288 0c17.7 0 32-14.3 32-32s-14.3-32-32-32l-288 0zm0 160c-17.7 0-32 14.3-32 32s14.3 32 32 32l288 0c17.7 0 32-14.3 32-32s-14.3-32-32-32l-288 0zM16 232l0 48c0 13.3 10.7 24 24 24l48 0c13.3 0 24-10.7 24-24l0-48c0-13.3-10.7-24-24-24l-48 0c-13.3 0-24 10.7-24 24zM40 368c-13.3 0-24 10.7-24 24l0 48c0 13.3 10.7 24 24 24l48 0c13.3 0 24-10.7 24-24l0-48c0-13.3-10.7-24-24-24l-48 0z"
      fill="currentColor"
    />
  </svg>
  <hr />
  <li>
    Storybook
    : 
    <ul>
      <li>
        <svg
          aria-hidden="true"
          class="svg-inline--fa fa-circle green"
          data-icon="circle"
          data-prefix="fas"
          focusable="false"
          role="img"
          viewBox="0 0 512 512"
          xmlns="http://www.w3.org/2000/svg"
        >
          <path
            d="M256 512A256 256 0 1 0 256 0a256 256 0 1 0 0 512z"
            fill="currentColor"
          />
        </svg>
        <pre>
          <code>
            {
  "component_type": "datastore",
  "time": "2022-01-01T10:10:00",
  "output": {
    "hello": "world"
  }
}
          </code>
        </pre>
      </li>
    </ul>
  </li>
  <hr />
  <span
    aria-valuemax="100"
    aria-valuemin="0"
    aria-valuenow="50"
    class="MuiLinearProgress-root MuiLinearProgress-colorPrimary MuiLinearProgress-determinate css-1txyin7-MuiLinearProgress-root"
    role="progressbar"
    title="50% (an hour remaining)"
  >
    <span
      class="MuiLinearProgress-bar MuiLinearProgress-bar1 MuiLinearProgress-barColorPrimary MuiLinearProgress-bar1Determinate css-l16vtb-MuiLinearProgress-bar1"
      style="transform: translateX(-50%);"
    />
  </span>
  <hr />
  <h3>
    Discovery
  </h3>
  <div>
    <br />
    <div
      class="MuiPaper-root MuiPaper-elevation MuiPaper-rounded MuiPaper-elevation0 MuiAlert-root MuiAlert-colorWarning MuiAlert-standardWarning MuiAlert-standard css-10cv5sc-MuiPaper-root-MuiAlert-root"
      role="alert"
      style="--Paper-shadow: none;"
    >
      <div
        class="MuiAlert-icon css-vab54s-MuiAlert-icon"
      >
        <svg
          aria-hidden="true"
          class="MuiSvgIcon-root MuiSvgIcon-fontSizeInherit css-1ckov0h-MuiSvgIcon-root"
          data-testid="SuccessOutlinedIcon"
          focusable="false"
          viewBox="0 0 24 24"
        >
          <path
            d="M20,12A8,8 0 0,1 12,20A8,8 0 0,1 4,12A8,8 0 0,1 12,4C12.76,4 13.5,4.11 14.2, 4.31L15.77,2.74C14.61,2.26 13.34,2 12,2A10,10 0 0,0 2,12A10,10 0 0,0 12,22A10,10 0 0, 0 22,12M7.91,10.08L6.5,11.5L11,16L21,6L19.59,4.58L11,13.17L7.91,10.08Z"
          />
        </svg>
      </div>
      <div
        class="MuiAlert-message css-zioonp-MuiAlert-message"
      >
        <span
          data-testid="errorMessage"
        >
          Unable to connect to transmission: AxiosError: Network Error
        </span>
      </div>
    </div>
  </div>
  <div
    class="MuiGrid-root MuiGrid-container MuiGrid-direction-xs-row MuiGrid-spacing-xs-2 css-zjhuaj-MuiGrid-root"
  />
</div>
`;
